[ERROR:parse_cmd.bat] Invalid command line argument: '@cd'. Argument will be ignored.
[ERROR:parse_cmd.bat] Invalid command line argument: '/d'. Argument will be ignored.
[ERROR:parse_cmd.bat] Invalid command line argument: '"C:\Users\IGAZTA~1\AppData\Local\Temp\bcarm"'. Argument will be ignored.
[ERROR:parse_cmd.bat] Invalid command line argument: 'cl'. Argument will be ignored.
[ERROR:parse_cmd.bat] Invalid command line argument: '/nologo'. Argument will be ignored.
[ERROR:parse_cmd.bat] Invalid command line argument: '/std:c++17'. Argument will be ignored.
[ERROR:parse_cmd.bat] Invalid command line argument: '/O2'. Argument will be ignored.
[ERROR:parse_cmd.bat] Invalid command line argument: '/EHsc'. Argument will be ignored.
[ERROR:parse_cmd.bat] Invalid command line argument: '/W4'. Argument will be ignored.
[ERROR:parse_cmd.bat] Invalid command line argument: '/WX'. Argument will be ignored.
[ERROR:parse_cmd.bat] Invalid command line argument: '/showIncludes'. Argument will be ignored.
[ERROR:parse_cmd.bat] Invalid command line argument: '/ID:\Data\LocalGit\boost\libs\container\include'. Argument will be ignored.
[ERROR:parse_cmd.bat] Invalid command line argument: '/ID:\Data\LocalGit\boost'. Argument will be ignored.
[ERROR:parse_cmd.bat] Invalid command line argument: 't.cpp'. Argument will be ignored.
[ERROR:parse_cmd.bat] Invalid command line argument: '/Fe:t.exe'. Argument will be ignored.
"vswhere.exe" no se reconoce como un comando interno o externo,
programa o archivo por lotes ejecutable.
[ERROR:VsDevCmd.bat] *** VsDevCmd.bat encountered errors. Environment may be incomplete and/or incorrect. ***
[ERROR:VsDevCmd.bat] In an uninitialized command prompt, please 'set VSCMD_DEBUG=[value]' and then re-run
[ERROR:VsDevCmd.bat] vsdevcmd.bat [args] for additional details.
[ERROR:VsDevCmd.bat] Where [value] is:
[ERROR:VsDevCmd.bat]    1 : basic debug logging
[ERROR:VsDevCmd.bat]    2 : detailed debug logging
[ERROR:VsDevCmd.bat]    3 : trace level logging. Redirection of output to a file when using this level is recommended.
[ERROR:VsDevCmd.bat] Example: set VSCMD_DEBUG=3
[ERROR:VsDevCmd.bat]          vsdevcmd.bat > vsdevcmd.trace.txt 2>&1
